# Tests that an edge can be added to two nodes within a graph when one or more of the specified nodes do not exist in the graph.

# Creates a new edge between two nodes.

created graph graph

added node A to graph

Exception: java.lang.IllegalArgumentException: Graph does not contain one of the specified parent/child nodes.